Microchip MPLAB XC8 Compiler V2.40

Linker command line:

-W-3 \
  --edf=C:\Program Files\Microchip\xc8\v2.40\pic\dat\20220703182018_en.msgs \
  -cn -h+dist/default/production\Proyecto1_ED2_S.X.production.sym \
  --cmf=dist/default/production\Proyecto1_ED2_S.X.production.cmf -z \
  -Q16F887 -oC:\Users\aldoa\AppData\Local\Temp\xcAsstg.4 \
  --defsym=__MPLAB_BUILD=1 --fixupoverflow=error \
  -Mdist/default/production/Proyecto1_ED2_S.X.production.map \
  --md=C:\Users\aldoa\AppData\Local\Temp\xcAsstg.dat -E1 -ver=XC8 Compiler \
  --acfsm=1493 -ACODE=00h-07FFhx4 -ASTRCODE=00h-01FFFh -ASTRING=00h-0FFhx32 \
  -ACONST=00h-0FFhx32 -AENTRY=00h-0FFhx32 -ACOMMON=070h-07Fh \
  -ABANK0=020h-06Fh -ABANK1=0A0h-0EFh -ABANK2=0110h-016Fh \
  -ABANK3=0190h-01EFh -ARAM=020h-06Fh,0A0h-0EFh,0110h-016Fh,0190h-01EFh \
  -AABS1=020h-07Fh,0A0h-0EFh,0110h-016Fh,0190h-01EFh -ASFR0=00h-01Fh \
  -ASFR1=080h-09Fh -ASFR2=0100h-010Fh -ASFR3=0180h-018Fh \
  -ACONFIG=02007h-02008h -DCONFIG=2 -AIDLOC=02000h-02003h -DIDLOC=2 \
  -AEEDATA=00h-0FFh/02100h -peeprom_data=EEDATA -DEEDATA=2 -DCODE=2 \
  -DSTRCODE=2 -DSTRING=2 -DCONST=2 -DENTRY=2 \
  -preset_vec=00h,intentry=04h,init,end_init -ppowerup=CODE -pcinit=CODE \
  -pfunctab=ENTRY -k C:\Users\aldoa\AppData\Local\Temp\xcAsstg.o \
  dist/default/production\Proyecto1_ED2_S.X.production.o 

Object code version is 3.11

Machine type is 16F887



                Name                               Link     Load   Length Selector   Space Scale
C:\Users\aldoa\AppData\Local\Temp\xcAsstg.o
                end_init                              C        C        3        8       0
                reset_vec                             0        0        3        0       0
                config                             2007     2007        2        0       4
                idloc                              2000     2000        4        0       5
dist/default/production\Proyecto1_ED2_S.X.production.o
                cinit                                 F        F        6        8       0
                intentry                              4        4        8        8       0
                config                             2007     2007        2        0       4
                idloc                              2000     2000        4        0       5
                text8                               37E      37E       5D        8       0
                text7                               2A2      2A2       78        8       0
                text6                                15       15      1D3        8       0
                text5                               1E8      1E8       BA        8       0
                text4                               433      433        8        8       0
                text3                               31A      31A       64        8       0
                text2                               404      404       1A        8       0
                text1                               41E      41E       15        8       0
                maintext                            3DB      3DB       29        8       0
                cstackBANK0                          20       20       2E       20       1
                cstackCOMMON                         70       70        9       70       1
                bssCOMMON                            79       79        2       70       1
                nvBANK0                              4E       4E        4       20       1

TOTAL           Name                               Link     Load   Length     Space
        CLASS   CODE           
                end_init                              C        C        3         0
                cinit                                 F        F        6         0
                intentry                              4        4        8         0
                reset_vec                             0        0        3         0
                text8                               37E      37E       5D         0
                text7                               2A2      2A2       78         0
                text6                                15       15      1D3         0
                text5                               1E8      1E8       BA         0
                text4                               433      433        8         0
                text3                               31A      31A       64         0
                text2                               404      404       1A         0
                text1                               41E      41E       15         0
                maintext                            3DB      3DB       29         0

        CLASS   STRCODE        

        CLASS   STRING         

        CLASS   CONST          

        CLASS   ENTRY          

        CLASS   COMMON         
                cstackCOMMON                         70       70        9         1
                bssCOMMON                            79       79        2         1

        CLASS   BANK0          
                cstackBANK0                          20       20       2E         1
                nvBANK0                              4E       4E        4         1

        CLASS   BANK1          

        CLASS   BANK2          

        CLASS   BANK3          

        CLASS   RAM            

        CLASS   ABS1           
                abs_s1                               7E       7E        2         1

        CLASS   SFR0           

        CLASS   SFR1           

        CLASS   SFR2           

        CLASS   SFR3           

        CLASS   CONFIG         
                config                             2007     2007        2         4

        CLASS   IDLOC          
                idloc                              2000     2000        4         5

        CLASS   EEDATA         

        CLASS   STACK          



SEGMENTS        Name                           Load    Length   Top    Selector   Space  Class     Delta

                reset_vec                      000000  000003  000003         0       0  CODE        2
                intentry                       000004  000437  00043B         8       0  CODE        2
                cstackBANK0                    000020  000032  000052        20       1  BANK0       1
                cstackCOMMON                   000070  00000B  00007B        70       1  COMMON      1


UNUSED ADDRESS RANGES

        Name                Unused          Largest block    Delta
        BANK0            0052-006F             1E           1
        BANK1            00A0-00EF             50           1
        BANK2            0110-016F             60           1
        BANK3            0190-01EF             60           1
        CODE             0003-0003              1           2
                         043B-1FFF            800
        COMMON           007B-007D              3           1
        CONST            0003-0003              1           2
                         043B-1FFF            100
        EEDATA           2100-21FF            100           2
        ENTRY            0003-0003              1           2
                         043B-1FFF            100
        RAM              0052-006F             1E           1
                         00A0-00EF             50
                         0110-016F             60
                         0190-01EF             60
        SFR0             0000-001F             20           1
        SFR1             0080-009F             20           1
        SFR2             0100-010F             10           1
        SFR3             0180-018F             10           1
        STRCODE          0003-0003              1           2
                         043B-1FFF           1BC5
        STRING           0003-0003              1           2
                         043B-1FFF            100

                                  Symbol Table

?___fldiv                     cstackBANK0  002A
?___fltol                     cstackCOMMON 0073
?___xxtofl                    cstackCOMMON 0073
?_medir_distancia             cstackBANK0  0044
I2C_Slave_Init@address        cstackCOMMON 0073
_ANSEL                        (abs)        0188
_ANSELH                       (abs)        0189
_BF                           (abs)        04A0
_GIE                          (abs)        005F
_I2C_Slave_Init               text2        0404
_OSCCONbits                   (abs)        008F
_PEIE                         (abs)        005E
_PIR1bits                     (abs)        000C
_PORTA                        (abs)        0005
_PORTAbits                    (abs)        0005
_PORTB                        (abs)        0006
_PORTD                        (abs)        0008
_SSPADD                       (abs)        0093
_SSPBUF                       (abs)        0013
_SSPCON                       (abs)        0014
_SSPCON2                      (abs)        0091
_SSPCON2bits                  (abs)        0091
_SSPCONbits                   (abs)        0014
_SSPIE                        (abs)        0463
_SSPIF                        (abs)        0063
_SSPSTAT                      (abs)        0094
_SSPSTATbits                  (abs)        0094
_T1CONbits                    (abs)        0010
_TMR1                         (abs)        000E
_TRISA                        (abs)        0085
_TRISAbits                    (abs)        0085
_TRISB                        (abs)        0086
_TRISC3                       (abs)        043B
_TRISC4                       (abs)        043C
_TRISCbits                    (abs)        0087
_TRISD                        (abs)        0088
__Habs1                       abs1         0000
__Hbank0                      bank0        0000
__Hbank1                      bank1        0000
__Hbank2                      bank2        0000
__Hbank3                      bank3        0000
__HbssCOMMON                  bssCOMMON    0000
__Hcinit                      cinit        0015
__Hclrtext                    clrtext      0000
__Hcode                       code         0000
__Hcommon                     common       0000
__Hconfig                     config       2009
__HcstackBANK0                cstackBANK0  0000
__HcstackCOMMON               cstackCOMMON 0000
__Heeprom_data                eeprom_data  0000
__Hend_init                   end_init     000F
__Hfunctab                    functab      0000
__Hidloc                      idloc        2004
__Hinit                       init         000C
__Hintentry                   intentry     000C
__Hmaintext                   maintext     0000
__HnvBANK0                    nvBANK0      0000
__Hpowerup                    powerup      0000
__Hram                        ram          0000
__Hreset_vec                  reset_vec    0003
__Hsfr0                       sfr0         0000
__Hsfr1                       sfr1         0000
__Hsfr2                       sfr2         0000
__Hsfr3                       sfr3         0000
__Hspace_0                    (abs)        043B
__Hspace_1                    (abs)        007B
__Hspace_2                    (abs)        0000
__Hspace_3                    (abs)        0000
__Hspace_4                    (abs)        4010
__Hstack                      stack        0000
__Hstrings                    strings      0000
__Htext                       text         0000
__Labs1                       abs1         0000
__Lbank0                      bank0        0000
__Lbank1                      bank1        0000
__Lbank2                      bank2        0000
__Lbank3                      bank3        0000
__LbssCOMMON                  bssCOMMON    0000
__Lcinit                      cinit        000F
__Lclrtext                    clrtext      0000
__Lcode                       code         0000
__Lcommon                     common       0000
__Lconfig                     config       0000
__LcstackBANK0                cstackBANK0  0000
__LcstackCOMMON               cstackCOMMON 0000
__Leeprom_data                eeprom_data  0000
__Lend_init                   end_init     000C
__Lfunctab                    functab      0000
__Lidloc                      idloc        0000
__Linit                       init         000C
__Lintentry                   intentry     0004
__Lmaintext                   maintext     0000
__LnvBANK0                    nvBANK0      0000
__Lpowerup                    powerup      0000
__Lram                        ram          0000
__Lreset_vec                  reset_vec    0000
__Lsfr0                       sfr0         0000
__Lsfr1                       sfr1         0000
__Lsfr2                       sfr2         0000
__Lsfr3                       sfr3         0000
__Lspace_0                    (abs)        0000
__Lspace_1                    (abs)        0000
__Lspace_2                    (abs)        0000
__Lspace_3                    (abs)        0000
__Lspace_4                    (abs)        0000
__Lstack                      stack        0000
__Lstrings                    strings      0000
__Ltext                       text         0000
__S0                          (abs)        043B
__S1                          (abs)        007B
__S3                          (abs)        0000
___fldiv                      text6        0015
___fldiv@a                    cstackBANK0  002A
___fldiv@aexp                 cstackBANK0  0043
___fldiv@b                    cstackBANK0  002E
___fldiv@bexp                 cstackBANK0  0042
___fldiv@grs                  cstackBANK0  003E
___fldiv@new_exp              cstackBANK0  003C
___fldiv@rem                  cstackBANK0  0037
___fldiv@sign                 cstackBANK0  003B
___fltol                      text7        02A2
___fltol@exp1                 cstackCOMMON 0078
___fltol@f1                   cstackCOMMON 0073
___fltol@sign1                cstackCOMMON 0077
___int_sp                     stack        0000
___latbits                    (abs)        0002
___sp                         stack        0000
___stackhi                    (abs)        0000
___stacklo                    (abs)        0000
___xxtofl                     text5        01E8
___xxtofl@arg                 cstackBANK0  0026
___xxtofl@exp                 cstackBANK0  0025
___xxtofl@sign                cstackBANK0  0024
___xxtofl@val                 cstackCOMMON 0073
__end_of_I2C_Slave_Init       text2        041E
__end_of___fldiv              text6        01E8
__end_of___fltol              text7        031A
__end_of___xxtofl             text5        02A2
__end_of__initialization      cinit        0011
__end_of_isr                  text8        03DB
__end_of_main                 maintext     0404
__end_of_medir_distancia      text3        037E
__end_of_setup                text1        0433
__end_of_tmr1_init            text4        043B
__initialization              cinit        000F
__pbssCOMMON                  bssCOMMON    0079
__pcstackBANK0                cstackBANK0  0020
__pcstackCOMMON               cstackCOMMON 0070
__pintentry                   intentry     0004
__pmaintext                   maintext     03DB
__pnvBANK0                    nvBANK0      004E
__ptext1                      text1        041E
__ptext2                      text2        0404
__ptext3                      text3        031A
__ptext4                      text4        0433
__ptext5                      text5        01E8
__ptext6                      text6        0015
__ptext7                      text7        02A2
__ptext8                      text8        037E
_distancia                    nvBANK0      004E
_isr                          text8        037E
_main                         maintext     03DB
_medir_distancia              text3        031A
_setup                        text1        041E
_tmr1_init                    text4        0433
_z                            bssCOMMON    0079
btemp                         (abs)        007E
end_of_initialization         cinit        0011
interrupt_function            intentry     0004
intlevel0                     functab      0000
intlevel1                     functab      0000
intlevel2                     functab      0000
intlevel3                     functab      0000
intlevel4                     functab      0000
intlevel5                     functab      0000
medir_distancia@distancia     cstackBANK0  0048
medir_distancia@echo_duration cstackBANK0  004C
reset_vec                     reset_vec    0000
saved_w                       (abs)        007E
start                         init         000C
start_initialization          cinit        000F
wtemp0                        (abs)        007E


MODULE INFORMATION

Module		Function		Class		Link	Load	Size
C:\Program Files\Microchip\xc8\v2.40\pic\sources\c90\common\fltol.c
		___fltol       		CODE           	02A2	0000	120

C:\Program Files\Microchip\xc8\v2.40\pic\sources\c90\common\fltol.c estimated size: 120

configSensorUltrasonico.c
		_medir_distancia		CODE           	031A	0000	100
		_tmr1_init     		CODE           	0433	0000	8

configSensorUltrasonico.c estimated size: 108

C:\Program Files\Microchip\xc8\v2.40\pic\sources\c90\common\sprcdiv.c
		___fldiv       		CODE           	0015	0000	467

C:\Program Files\Microchip\xc8\v2.40\pic\sources\c90\common\sprcdiv.c estimated size: 467

configI2C.c
		_I2C_Slave_Init		CODE           	0404	0000	26

configI2C.c estimated size: 26

shared
		__initialization		CODE           	000F	0000	2

shared estimated size: 2

main_S1.c
		_main          		CODE           	03DB	0000	41
		_isr           		CODE           	037E	0000	93
		_setup         		CODE           	041E	0000	21

main_S1.c estimated size: 155

C:\Program Files\Microchip\xc8\v2.40\pic\sources\c90\common\xxtofl.c
		___xxtofl      		CODE           	01E8	0000	186

C:\Program Files\Microchip\xc8\v2.40\pic\sources\c90\common\xxtofl.c estimated size: 186

