Microchip MPLAB XC8 Compiler V2.40

Linker command line:

-W-3 \
  --edf=C:\Program Files\Microchip\xc8\v2.40\pic\dat\20220703182018_en.msgs \
  -cn -h+dist/default/production\SlaveTCRT.X.production.sym \
  --cmf=dist/default/production\SlaveTCRT.X.production.cmf -z -w9 \
  --disl=596:off --norlf -Q16F887 \
  -oC:\Users\aldoa\AppData\Local\Temp\xcAsp74.4 --defsym=__MPLAB_BUILD=1 \
  -Mdist/default/production/SlaveTCRT.X.production.map \
  --md=C:\Users\aldoa\AppData\Local\Temp\xcAsp74.dat -E1 -ver=XC8 Compiler \
  --acfsm=1493 -ACODE=00h-07FFhx4 -ASTRCODE=00h-01FFFh -ASTRING=00h-0FFhx32 \
  -ACONST=00h-0FFhx32 -AENTRY=00h-0FFhx32 -ACOMMON=070h-07Fh \
  -ABANK0=020h-06Fh -ABANK1=0A0h-0EFh -ABANK2=0110h-016Fh \
  -ABANK3=0190h-01EFh -ARAM=020h-06Fh,0A0h-0EFh,0110h-016Fh,0190h-01EFh \
  -AABS1=020h-07Fh,0A0h-0EFh,0110h-016Fh,0190h-01EFh -ASFR0=00h-01Fh \
  -ASFR1=080h-09Fh -ASFR2=0100h-010Fh -ASFR3=0180h-018Fh \
  -ACONFIG=02007h-02008h -DCONFIG=2 -AIDLOC=02000h-02003h -DIDLOC=2 \
  -AEEDATA=00h-0FFh/02100h -peeprom_data=EEDATA -DEEDATA=2 -DCODE=2 \
  -DSTRCODE=2 -DSTRING=2 -DCONST=2 -DENTRY=2 \
  -preset_vec=00h,intentry=04h,init,end_init -ppowerup=CODE -pcinit=CODE \
  -pfunctab=ENTRY -k C:\Users\aldoa\AppData\Local\Temp\xcAsp74.o \
  dist/default/production\SlaveTCRT.X.production.o 

Object code version is 3.11

Machine type is 16F887



                Name                               Link     Load   Length Selector   Space Scale
C:\Users\aldoa\AppData\Local\Temp\xcAsp74.o
                end_init                              C        C        4        8       0
                reset_vec                             0        0        3        0       0
                config                             2007     2007        2        0       4
                idloc                              2000     2000        4        0       5
dist/default/production\SlaveTCRT.X.production.o
                cinit                                10       10        A        8       0
                intentry                              4        4        8        8       0
                config                             2007     2007        2        0       4
                idloc                              2000     2000        4        0       5
                text2                                8E       8E       5D        8       0
                text1                                EB       EB       19        8       0
                maintext                             1A       1A       74        8       0
                cstackBANK0                          22       22        2       20       1
                cstackCOMMON                         76       76        3       70       1
                bssCOMMON                            70       70        6       70       1
                nvBANK0                              20       20        2       20       1
                nvCOMMON                             79       79        2       70       1

TOTAL           Name                               Link     Load   Length     Space
        CLASS   CODE           
                end_init                              C        C        4         0
                cinit                                10       10        A         0
                intentry                              4        4        8         0
                reset_vec                             0        0        3         0
                text2                                8E       8E       5D         0
                text1                                EB       EB       19         0
                maintext                             1A       1A       74         0

        CLASS   STRCODE        

        CLASS   STRING         

        CLASS   CONST          

        CLASS   ENTRY          

        CLASS   COMMON         
                cstackCOMMON                         76       76        3         1
                bssCOMMON                            70       70        6         1
                nvCOMMON                             79       79        2         1

        CLASS   BANK0          
                cstackBANK0                          22       22        2         1
                nvBANK0                              20       20        2         1

        CLASS   BANK1          

        CLASS   BANK2          

        CLASS   BANK3          

        CLASS   RAM            

        CLASS   ABS1           
                abs_s1                               7E       7E        2         1

        CLASS   SFR0           

        CLASS   SFR1           

        CLASS   SFR2           

        CLASS   SFR3           

        CLASS   CONFIG         
                config                             2007     2007        2         4

        CLASS   IDLOC          
                idloc                              2000     2000        4         5

        CLASS   EEDATA         

        CLASS   STACK          



SEGMENTS        Name                           Load    Length   Top    Selector   Space  Class     Delta

                reset_vec                      000000  000003  000003         0       0  CODE        2
                intentry                       000004  000100  000104         8       0  CODE        2
                nvBANK0                        000020  000004  000024        20       1  BANK0       1
                bssCOMMON                      000070  00000B  00007B        70       1  COMMON      1


UNUSED ADDRESS RANGES

        Name                Unused          Largest block    Delta
        BANK0            0024-006F             4C           1
        BANK1            00A0-00EF             50           1
        BANK2            0110-016F             60           1
        BANK3            0190-01EF             60           1
        CODE             0003-0003              1           2
                         0104-1FFF            800
        COMMON           007B-007D              3           1
        CONST            0003-0003              1           2
                         0104-1FFF            100
        EEDATA           2100-21FF            100           2
        ENTRY            0003-0003              1           2
                         0104-1FFF            100
        RAM              0024-006F             4C           1
                         00A0-00EF             50
                         0110-016F             60
                         0190-01EF             60
        SFR0             0000-001F             20           1
        SFR1             0080-009F             20           1
        SFR2             0100-010F             10           1
        SFR3             0180-018F             10           1
        STRCODE          0003-0003              1           2
                         0104-1FFF           1EFC
        STRING           0003-0003              1           2
                         0104-1FFF            100

                                  Symbol Table

_I2C_Slave_Init                           
__Habs1                  abs1         0000
__Hbank0                 bank0        0000
__Hbank1                 bank1        0000
__Hbank2                 bank2        0000
__Hbank3                 bank3        0000
__HbssCOMMON             bssCOMMON    0000
__Hclrtext               clrtext      0000
__Hcode                  code         0000
__Hcommon                common       0000
__HcstackBANK0           cstackBANK0  0000
__HcstackCOMMON          cstackCOMMON 0000
__Heeprom_data           eeprom_data  0000
__Hfunctab               functab      0000
__Hmaintext              maintext     0000
__HnvBANK0               nvBANK0      0000
__HnvCOMMON              nvCOMMON     0000
__Hpowerup               powerup      0000
__Hram                   ram          0000
__Hsfr0                  sfr0         0000
__Hsfr1                  sfr1         0000
__Hsfr2                  sfr2         0000
__Hsfr3                  sfr3         0000
__Hspace_2               (abs)        0000
__Hspace_3               (abs)        0000
__Hstack                 stack        0000
__Hstrings               strings      0000
__Htext                  text         0000
__Labs1                  abs1         0000
__Lbank0                 bank0        0000
__Lbank1                 bank1        0000
__Lbank2                 bank2        0000
__Lbank3                 bank3        0000
__LbssCOMMON             bssCOMMON    0000
__Lclrtext               clrtext      0000
__Lcode                  code         0000
__Lcommon                common       0000
__Lconfig                config       0000
__LcstackBANK0           cstackBANK0  0000
__LcstackCOMMON          cstackCOMMON 0000
__Leeprom_data           eeprom_data  0000
__Lfunctab               functab      0000
__Lidloc                 idloc        0000
__Lmaintext              maintext     0000
__LnvBANK0               nvBANK0      0000
__LnvCOMMON              nvCOMMON     0000
__Lpowerup               powerup      0000
__Lram                   ram          0000
__Lreset_vec             reset_vec    0000
__Lsfr0                  sfr0         0000
__Lsfr1                  sfr1         0000
__Lsfr2                  sfr2         0000
__Lsfr3                  sfr3         0000
__Lspace_0               (abs)        0000
__Lspace_1               (abs)        0000
__Lspace_2               (abs)        0000
__Lspace_3               (abs)        0000
__Lspace_4               (abs)        0000
__Lstack                 stack        0000
__Lstrings               strings      0000
__Ltext                  text         0000
__S3                     (abs)        0000
___int_sp                stack        0000
___sp                    stack        0000
___stackhi               (abs)        0000
___stacklo               (abs)        0000
intlevel0                functab      0000
intlevel1                functab      0000
intlevel2                functab      0000
intlevel3                functab      0000
intlevel4                functab      0000
intlevel5                functab      0000
reset_vec                reset_vec    0000
___latbits               (abs)        0002
_PORTA                   (abs)        0005
_PORTAbits               (abs)        0005
_PORTB                   (abs)        0006
__Hreset_vec             reset_vec    0003
_PORTD                   (abs)        0008
__Lintentry              intentry     0004
__pintentry              intentry     0004
interrupt_function       intentry     0004
_PIR1bits                (abs)        000C
_SSPBUF                  (abs)        0013
_SSPCONbits              (abs)        0014
__Hinit                  init         000C
__Hintentry              intentry     000C
__Lend_init              end_init     000C
__Linit                  init         000C
start                    init         000C
__Hend_init              end_init     0010
__Lcinit                 cinit        0010
__initialization         cinit        0010
__pnvBANK0               nvBANK0      0020
_lectura2                nvBANK0      0020
start_initialization     cinit        0010
__pcstackBANK0           cstackBANK0  0022
__end_of__initialization cinit        0016
end_of_initialization    cinit        0016
__Hcinit                 cinit        001A
__pmaintext              maintext     001A
_main                    maintext     001A
__pbssCOMMON             bssCOMMON    0070
_estado2                 bssCOMMON    0070
_estado                  bssCOMMON    0072
_z                       bssCOMMON    0074
_enviar                  bssCOMMON    0075
__pcstackCOMMON          cstackCOMMON 0076
__pnvCOMMON              nvCOMMON     0079
_lectura1                nvCOMMON     0079
__Hspace_1               (abs)        007B
__S1                     (abs)        007B
btemp                    (abs)        007E
saved_w                  (abs)        007E
wtemp0                   (abs)        007E
_TRISA                   (abs)        0085
_TRISD                   (abs)        0088
_OSCCONbits              (abs)        008F
_SSPSTATbits             (abs)        0094
__Hspace_0               (abs)        0104
__S0                     (abs)        0104
__end_of_main            maintext     008E
__ptext2                 text2        008E
_isr                     text2        008E
_ANSEL                   (abs)        0188
_ANSELH                  (abs)        0189
__end_of_isr             text2        00EB
__ptext1                 text1        00EB
_setup                   text1        00EB
__end_of_setup           text1        0104
_BF                      (abs)        04A0
__Hidloc                 idloc        2004
__Hspace_4               (abs)        4010
__Hconfig                config       2009
