Microchip MPLAB XC8 Compiler V2.40

Linker command line:

-W-3 \
  --edf=C:\Program Files\Microchip\xc8\v2.40\pic\dat\20220703182018_en.msgs \
  -cn -h+dist/default/production\TCRT5000.X.production.sym \
  --cmf=dist/default/production\TCRT5000.X.production.cmf -z -Q16F887 \
  -oC:\Users\aldoa\AppData\Local\Temp\xcAsp4s.4 --defsym=__MPLAB_BUILD=1 \
  --fixupoverflow=error -Mdist/default/production/TCRT5000.X.production.map \
  --md=C:\Users\aldoa\AppData\Local\Temp\xcAsp4s.dat -E1 -ver=XC8 Compiler \
  --acfsm=1493 -ACODE=00h-07FFhx4 -ASTRCODE=00h-01FFFh -ASTRING=00h-0FFhx32 \
  -ACONST=00h-0FFhx32 -AENTRY=00h-0FFhx32 -ACOMMON=070h-07Fh \
  -ABANK0=020h-06Fh -ABANK1=0A0h-0EFh -ABANK2=0110h-016Fh \
  -ABANK3=0190h-01EFh -ARAM=020h-06Fh,0A0h-0EFh,0110h-016Fh,0190h-01EFh \
  -AABS1=020h-07Fh,0A0h-0EFh,0110h-016Fh,0190h-01EFh -ASFR0=00h-01Fh \
  -ASFR1=080h-09Fh -ASFR2=0100h-010Fh -ASFR3=0180h-018Fh \
  -ACONFIG=02007h-02008h -DCONFIG=2 -AIDLOC=02000h-02003h -DIDLOC=2 \
  -AEEDATA=00h-0FFh/02100h -peeprom_data=EEDATA -DEEDATA=2 -DCODE=2 \
  -DSTRCODE=2 -DSTRING=2 -DCONST=2 -DENTRY=2 \
  -preset_vec=00h,intentry,init,end_init -ppowerup=CODE -pcinit=CODE \
  -pfunctab=ENTRY -k C:\Users\aldoa\AppData\Local\Temp\xcAsp4s.o \
  dist/default/production\TCRT5000.X.production.o 

Object code version is 3.11

Machine type is 16F887



                Name                               Link     Load   Length Selector   Space Scale
C:\Users\aldoa\AppData\Local\Temp\xcAsp4s.o
                end_init                              0        0        3        0       0
                config                             2007     2007        2        0       4
                idloc                              2000     2000        4        0       5
dist/default/production\TCRT5000.X.production.o
                cinit                               7F4      7F4        C      FE8       0
                config                             2007     2007        2        0       4
                idloc                              2000     2000        4        0       5
                text8                               663      663       22      CC6       0
                text7                               649      649       1A      C92       0
                text6                               629      629        D      C52       0
                text5                               725      725       5D      E4A       0
                text4                               6DF      6DF       46      DBE       0
                text3                               6AA      6AA       35      D54       0
                text2                               685      685       25      D0A       0
                text1                               636      636       13      C6C       0
                maintext                            782      782       72      F04       0
                cstackCOMMON                         70       70        D       70       1
                bssBANK0                             20       20        6       20       1
                strings                               3        3       1F        6       0

TOTAL           Name                               Link     Load   Length     Space
        CLASS   CODE           
                end_init                              0        0        3         0
                cinit                               7F4      7F4        C         0
                text8                               663      663       22         0
                text7                               649      649       1A         0
                text6                               629      629        D         0
                text5                               725      725       5D         0
                text4                               6DF      6DF       46         0
                text3                               6AA      6AA       35         0
                text2                               685      685       25         0
                text1                               636      636       13         0
                maintext                            782      782       72         0

        CLASS   STRCODE        

        CLASS   STRING         
                strings                               3        3       1F         0

        CLASS   CONST          

        CLASS   ENTRY          

        CLASS   COMMON         
                cstackCOMMON                         70       70        D         1

        CLASS   BANK0          
                bssBANK0                             20       20        6         1

        CLASS   BANK1          

        CLASS   BANK2          

        CLASS   BANK3          

        CLASS   RAM            

        CLASS   ABS1           
                abs_s1                               7E       7E        2         1

        CLASS   SFR0           

        CLASS   SFR1           

        CLASS   SFR2           

        CLASS   SFR3           

        CLASS   CONFIG         
                config                             2007     2007        2         4

        CLASS   IDLOC          
                idloc                              2000     2000        4         5

        CLASS   EEDATA         

        CLASS   STACK          



SEGMENTS        Name                           Load    Length   Top    Selector   Space  Class     Delta

                reset_vec                      000000  000003  000003         0       0  CODE        2
                strings                        000003  00001F  000022         6       0  STRING      2
                bssBANK0                       000020  000006  000026        20       1  BANK0       1
                cstackCOMMON                   000070  00000D  00007D        70       1  COMMON      1
                text6                          000629  00000D  000636       C52       0  CODE        2
                text1                          000636  000013  000649       C6C       0  CODE        2
                text7                          000649  00001A  000663       C92       0  CODE        2
                text8                          000663  000022  000685       CC6       0  CODE        2
                text2                          000685  000025  0006AA       D0A       0  CODE        2
                text3                          0006AA  000035  0006DF       D54       0  CODE        2
                text4                          0006DF  000046  000725       DBE       0  CODE        2
                text5                          000725  00005D  000782       E4A       0  CODE        2
                maintext                       000782  000072  0007F4       F04       0  CODE        2
                cinit                          0007F4  00000C  000800       FE8       0  CODE        2


UNUSED ADDRESS RANGES

        Name                Unused          Largest block    Delta
        BANK0            0026-006F             4A           1
        BANK1            00A0-00EF             50           1
        BANK2            0110-016F             60           1
        BANK3            0190-01EF             60           1
        CODE             0022-0628            607           2
                         0800-1FFF            800
        COMMON           007D-007D              1           1
        CONST            0022-0628            100           2
                         0800-1FFF            100
        EEDATA           2100-21FF            100           2
        ENTRY            0022-0628            100           2
                         0800-1FFF            100
        RAM              0026-006F             4A           1
                         00A0-00EF             50
                         0110-016F             60
                         0190-01EF             60
        SFR0             0000-001F             20           1
        SFR1             0080-009F             20           1
        SFR2             0100-010F             10           1
        SFR3             0180-018F             10           1
        STRCODE          0022-0628            607           2
                         0800-1FFF           1800
        STRING           0022-0628            100           2
                         0800-1FFF            100

                                  Symbol Table

Lcd_Cmd@a                 cstackCOMMON 0073
Lcd_Port@a                cstackCOMMON 0070
Lcd_Set_Cursor@a          cstackCOMMON 0076
Lcd_Set_Cursor@b          cstackCOMMON 0074
Lcd_Set_Cursor@temp       cstackCOMMON 0079
Lcd_Set_Cursor@y          cstackCOMMON 0078
Lcd_Set_Cursor@z          cstackCOMMON 0077
Lcd_Write_Char@a          cstackCOMMON 0074
Lcd_Write_Char@temp       cstackCOMMON 0072
Lcd_Write_Char@y          cstackCOMMON 0073
Lcd_Write_String@a        cstackCOMMON 0077
Lcd_Write_String@i        cstackCOMMON 0075
_ANSEL                    (abs)        0188
_ANSELH                   (abs)        0189
_Lcd_Clear                text6        0629
_Lcd_Cmd                  text7        0649
_Lcd_Init                 text5        0725
_Lcd_Port                 text8        0663
_Lcd_Set_Cursor           text4        06DF
_Lcd_Write_Char           text3        06AA
_Lcd_Write_String         text2        0685
_OSCCONbits               (abs)        008F
_PORTB                    (abs)        0006
_PORTBbits                (abs)        0006
_PORTD                    (abs)        0008
_PORTDbits                (abs)        0008
_RD3                      (abs)        0043
_RD4                      (abs)        0044
_RD5                      (abs)        0045
_RD6                      (abs)        0046
_RD7                      (abs)        0047
_TRISB                    (abs)        0086
_TRISD                    (abs)        0088
__Habs1                   abs1         0000
__Hbank0                  bank0        0000
__Hbank1                  bank1        0000
__Hbank2                  bank2        0000
__Hbank3                  bank3        0000
__HbssBANK0               bssBANK0     0000
__Hcinit                  cinit        0800
__Hclrtext                clrtext      0000
__Hcode                   code         0000
__Hcommon                 common       0000
__Hconfig                 config       2009
__HcstackCOMMON           cstackCOMMON 0000
__Heeprom_data            eeprom_data  0000
__Hend_init               end_init     0003
__Hfunctab                functab      0000
__Hidloc                  idloc        2004
__Hinit                   init         0000
__Hintentry               intentry     0000
__Hmaintext               maintext     0000
__Hpowerup                powerup      0000
__Hram                    ram          0000
__Hreset_vec              reset_vec    0000
__Hsfr0                   sfr0         0000
__Hsfr1                   sfr1         0000
__Hsfr2                   sfr2         0000
__Hsfr3                   sfr3         0000
__Hspace_0                (abs)        0800
__Hspace_1                (abs)        007D
__Hspace_2                (abs)        0000
__Hspace_3                (abs)        0000
__Hspace_4                (abs)        4010
__Hstack                  stack        0000
__Hstrings                strings      0000
__Htext                   text         0000
__Labs1                   abs1         0000
__Lbank0                  bank0        0000
__Lbank1                  bank1        0000
__Lbank2                  bank2        0000
__Lbank3                  bank3        0000
__LbssBANK0               bssBANK0     0000
__Lcinit                  cinit        07F4
__Lclrtext                clrtext      0000
__Lcode                   code         0000
__Lcommon                 common       0000
__Lconfig                 config       0000
__LcstackCOMMON           cstackCOMMON 0000
__Leeprom_data            eeprom_data  0000
__Lend_init               end_init     0000
__Lfunctab                functab      0000
__Lidloc                  idloc        0000
__Linit                   init         0000
__Lintentry               intentry     0000
__Lmaintext               maintext     0000
__Lpowerup                powerup      0000
__Lram                    ram          0000
__Lreset_vec              reset_vec    0000
__Lsfr0                   sfr0         0000
__Lsfr1                   sfr1         0000
__Lsfr2                   sfr2         0000
__Lsfr3                   sfr3         0000
__Lspace_0                (abs)        0000
__Lspace_1                (abs)        0000
__Lspace_2                (abs)        0000
__Lspace_3                (abs)        0000
__Lspace_4                (abs)        0000
__Lstack                  stack        0000
__Lstrings                strings      0000
__Ltext                   text         0000
__S0                      (abs)        0800
__S1                      (abs)        007D
__S3                      (abs)        0000
___int_sp                 stack        0000
___latbits                (abs)        0002
___sp                     stack        0000
___stackhi                (abs)        0000
___stacklo                (abs)        0000
__end_of_Lcd_Clear        text6        0636
__end_of_Lcd_Cmd          text7        0663
__end_of_Lcd_Init         text5        0782
__end_of_Lcd_Port         text8        0685
__end_of_Lcd_Set_Cursor   text4        0725
__end_of_Lcd_Write_Char   text3        06DF
__end_of_Lcd_Write_String text2        06AA
__end_of__initialization  cinit        07FC
__end_of__stringtab       strings      0009
__end_of_main             maintext     07F4
__end_of_setup            text1        0649
__initialization          cinit        07F4
__pbssBANK0               bssBANK0     0020
__pcstackCOMMON           cstackCOMMON 0070
__pmaintext               maintext     0782
__pstrings                strings      0003
__ptext1                  text1        0636
__ptext2                  text2        0685
__ptext3                  text3        06AA
__ptext4                  text4        06DF
__ptext5                  text5        0725
__ptext6                  text6        0629
__ptext7                  text7        0649
__ptext8                  text8        0663
__stringbase              strings      0008
__stringtab               strings      0003
_estado                   bssBANK0     0024
_lectura1                 bssBANK0     0022
_lectura2                 bssBANK0     0020
_main                     maintext     0782
_setup                    text1        0636
btemp                     (abs)        007E
end_of_initialization     cinit        07FC
intlevel0                 functab      0000
intlevel1                 functab      0000
intlevel2                 functab      0000
intlevel3                 functab      0000
intlevel4                 functab      0000
intlevel5                 functab      0000
reset_vec                 reset_vec    0000
start                     init         0000
start_initialization      cinit        07F4
wtemp0                    (abs)        007E


MODULE INFORMATION

Module		Function		Class		Link	Load	Size
shared
		__stringtab    		STRING         	0003	0000	6
		__initialization		CODE           	07F4	0000	8

shared estimated size: 14

main.c
		_main          		CODE           	0782	0000	114
		_setup         		CODE           	0636	0000	19

main.c estimated size: 133

LCD.c
		_Lcd_Write_String		CODE           	0685	0000	37
		_Lcd_Init      		CODE           	0725	0000	93
		_Lcd_Write_Char		CODE           	06AA	0000	53
		_Lcd_Cmd       		CODE           	0649	0000	26
		_Lcd_Set_Cursor		CODE           	06DF	0000	70
		_Lcd_Clear     		CODE           	0629	0000	13
		_Lcd_Port      		CODE           	0663	0000	34

LCD.c estimated size: 326

