Microchip MPLAB XC8 Compiler V2.40

Linker command line:

-W-3 \
  --edf=C:\Program Files\Microchip\xc8\v2.40\pic\dat\20220703182018_en.msgs \
  -cn -h+dist/default/production\TSC230.X.production.sym \
  --cmf=dist/default/production\TSC230.X.production.cmf -z -w9 \
  --disl=596:off --norlf -Q16F887 \
  -oC:\Users\aldoa\AppData\Local\Temp\xcAsj8o.4 --defsym=__MPLAB_BUILD=1 \
  -Mdist/default/production/TSC230.X.production.map \
  --md=C:\Users\aldoa\AppData\Local\Temp\xcAsj8o.dat -E1 -ver=XC8 Compiler \
  --acfsm=1493 -ACODE=00h-07FFhx4 -ASTRCODE=00h-01FFFh -ASTRING=00h-0FFhx32 \
  -ACONST=00h-0FFhx32 -AENTRY=00h-0FFhx32 -ACOMMON=070h-07Fh \
  -ABANK0=020h-06Fh -ABANK1=0A0h-0EFh -ABANK2=0110h-016Fh \
  -ABANK3=0190h-01EFh -ARAM=020h-06Fh,0A0h-0EFh,0110h-016Fh,0190h-01EFh \
  -AABS1=020h-07Fh,0A0h-0EFh,0110h-016Fh,0190h-01EFh -ASFR0=00h-01Fh \
  -ASFR1=080h-09Fh -ASFR2=0100h-010Fh -ASFR3=0180h-018Fh \
  -ACONFIG=02007h-02008h -DCONFIG=2 -AIDLOC=02000h-02003h -DIDLOC=2 \
  -AEEDATA=00h-0FFh/02100h -peeprom_data=EEDATA -DEEDATA=2 -DCODE=2 \
  -DSTRCODE=2 -DSTRING=2 -DCONST=2 -DENTRY=2 \
  -preset_vec=00h,intentry=04h,init,end_init -ppowerup=CODE -pcinit=CODE \
  -pfunctab=ENTRY -k C:\Users\aldoa\AppData\Local\Temp\xcAsj8o.o \
  dist/default/production\TSC230.X.production.o 

Object code version is 3.11

Machine type is 16F887



                Name                               Link     Load   Length Selector   Space Scale
C:\Users\aldoa\AppData\Local\Temp\xcAsj8o.o
                end_init                              C        C        4        8       0
                reset_vec                             0        0        3        0       0
                config                             2007     2007        2        0       4
                idloc                              2000     2000        4        0       5
dist/default/production\TSC230.X.production.o
                cinit                                10       10       19        8       0
                intentry                              4        4        8        8       0
                config                             2007     2007        2        0       4
                idloc                              2000     2000        4        0       5
                text10                              777      777       5D        8       0
                text9                               FDE      FDE        A     1FBC       0
                text8                               7D4      7D4       29        8       0
                text7                                29       29      345        8       0
                text6                               5D9      5D9       78        8       0
                text5                               51F      51F       BA        8       0
                text4                               715      715       62        8       0
                text3                               6B3      6B3       62        8       0
                text2                               651      651       62        8       0
                text1                               FE8      FE8       18     1FD0       0
                maintext                            36E      36E      1B1        8       0
                cstackBANK0                          20       20       37       20       1
                cstackCOMMON                         70       70        A       70       1
                bssBANK1                             A0       A0        4       A0       1
                bssBANK0                             63       63        C       20       1
                bssCOMMON                            7A       7A        1       70       1
                nvBANK0                              57       57        C       20       1

TOTAL           Name                               Link     Load   Length     Space
        CLASS   CODE           
                end_init                              C        C        4         0
                cinit                                10       10       19         0
                intentry                              4        4        8         0
                reset_vec                             0        0        3         0
                text10                              777      777       5D         0
                text9                               FDE      FDE        A         0
                text8                               7D4      7D4       29         0
                text7                                29       29      345         0
                text6                               5D9      5D9       78         0
                text5                               51F      51F       BA         0
                text4                               715      715       62         0
                text3                               6B3      6B3       62         0
                text2                               651      651       62         0
                text1                               FE8      FE8       18         0
                maintext                            36E      36E      1B1         0

        CLASS   STRCODE        

        CLASS   STRING         

        CLASS   CONST          

        CLASS   ENTRY          

        CLASS   COMMON         
                cstackCOMMON                         70       70        A         1
                bssCOMMON                            7A       7A        1         1

        CLASS   BANK0          
                cstackBANK0                          20       20       37         1
                bssBANK0                             63       63        C         1
                nvBANK0                              57       57        C         1

        CLASS   BANK1          
                bssBANK1                             A0       A0        4         1

        CLASS   BANK2          

        CLASS   BANK3          

        CLASS   RAM            

        CLASS   ABS1           
                abs_s1                               7E       7E        2         1

        CLASS   SFR0           

        CLASS   SFR1           

        CLASS   SFR2           

        CLASS   SFR3           

        CLASS   CONFIG         
                config                             2007     2007        2         4

        CLASS   IDLOC          
                idloc                              2000     2000        4         5

        CLASS   EEDATA         

        CLASS   STACK          



SEGMENTS        Name                           Load    Length   Top    Selector   Space  Class     Delta

                reset_vec                      000000  000003  000003         0       0  CODE        2
                intentry                       000004  0007F9  0007FD         8       0  CODE        2
                cstackBANK0                    000020  00004F  00006F        20       1  BANK0       1
                cstackCOMMON                   000070  00000B  00007B        70       1  COMMON      1
                bssBANK1                       0000A0  000004  0000A4        A0       1  BANK1       1
                text9                          000FDE  00000A  000FE8      1FBC       0  CODE        2
                text1                          000FE8  000018  001000      1FD0       0  CODE        2


UNUSED ADDRESS RANGES

        Name                Unused          Largest block    Delta
        BANK0            006F-006F              1           1
        BANK1            00A4-00EF             4C           1
        BANK2            0110-016F             60           1
        BANK3            0190-01EF             60           1
        CODE             0003-0003              1           2
                         07FD-0FDD              3
                         1000-1FFF            800
        COMMON           007B-007D              3           1
        CONST            0003-0003              1           2
                         07FD-0FDD            100
                         1000-1FFF            100
        EEDATA           2100-21FF            100           2
        ENTRY            0003-0003              1           2
                         07FD-0FDD            100
                         1000-1FFF            100
        RAM              006F-006F              1           1
                         00A4-00EF             4C
                         0110-016F             60
                         0190-01EF             60
        SFR0             0000-001F             20           1
        SFR1             0080-009F             20           1
        SFR2             0100-010F             10           1
        SFR3             0180-018F             10           1
        STRCODE          0003-0003              1           2
                         07FD-0FDD            7E1
                         1000-1FFF           1000
        STRING           0003-0003              1           2
                         07FD-0FDD            100
                         1000-1FFF            100

                                  Symbol Table

_I2C_Slave_Init                           
__Habs1                  abs1         0000
__Hbank0                 bank0        0000
__Hbank1                 bank1        0000
__Hbank2                 bank2        0000
__Hbank3                 bank3        0000
__HbssBANK0              bssBANK0     0000
__HbssBANK1              bssBANK1     0000
__HbssCOMMON             bssCOMMON    0000
__Hclrtext               clrtext      0000
__Hcode                  code         0000
__Hcommon                common       0000
__HcstackBANK0           cstackBANK0  0000
__HcstackCOMMON          cstackCOMMON 0000
__Heeprom_data           eeprom_data  0000
__Hfunctab               functab      0000
__Hmaintext              maintext     0000
__HnvBANK0               nvBANK0      0000
__Hpowerup               powerup      0000
__Hram                   ram          0000
__Hsfr0                  sfr0         0000
__Hsfr1                  sfr1         0000
__Hsfr2                  sfr2         0000
__Hsfr3                  sfr3         0000
__Hspace_2               (abs)        0000
__Hspace_3               (abs)        0000
__Hstack                 stack        0000
__Hstrings               strings      0000
__Htext                  text         0000
__Labs1                  abs1         0000
__Lbank0                 bank0        0000
__Lbank1                 bank1        0000
__Lbank2                 bank2        0000
__Lbank3                 bank3        0000
__LbssBANK0              bssBANK0     0000
__LbssBANK1              bssBANK1     0000
__LbssCOMMON             bssCOMMON    0000
__Lclrtext               clrtext      0000
__Lcode                  code         0000
__Lcommon                common       0000
__Lconfig                config       0000
__LcstackBANK0           cstackBANK0  0000
__LcstackCOMMON          cstackCOMMON 0000
__Leeprom_data           eeprom_data  0000
__Lfunctab               functab      0000
__Lidloc                 idloc        0000
__Lmaintext              maintext     0000
__LnvBANK0               nvBANK0      0000
__Lpowerup               powerup      0000
__Lram                   ram          0000
__Lreset_vec             reset_vec    0000
__Lsfr0                  sfr0         0000
__Lsfr1                  sfr1         0000
__Lsfr2                  sfr2         0000
__Lsfr3                  sfr3         0000
__Lspace_0               (abs)        0000
__Lspace_1               (abs)        0000
__Lspace_2               (abs)        0000
__Lspace_3               (abs)        0000
__Lspace_4               (abs)        0000
__Lstack                 stack        0000
__Lstrings               strings      0000
__Ltext                  text         0000
__S3                     (abs)        0000
___int_sp                stack        0000
___sp                    stack        0000
___stackhi               (abs)        0000
___stacklo               (abs)        0000
___latbits               (abs)        0002
_PORTAbits               (abs)        0005
_PORTB                   (abs)        0006
__Hreset_vec             reset_vec    0003
_PORTD                   (abs)        0008
__Lintentry              intentry     0004
__pintentry              intentry     0004
_PIR1bits                (abs)        000C
_TMR1                    (abs)        000E
_T1CONbits               (abs)        0010
_SSPBUF                  (abs)        0013
_SSPCONbits              (abs)        0014
__Hinit                  init         000C
__Hintentry              intentry     000C
__Lend_init              end_init     000C
__Linit                  init         000C
__Hend_init              end_init     0010
__Lcinit                 cinit        0010
__Umul8_16@product       cstackBANK0  0020
__initialization         cinit        0010
__pcstackBANK0           cstackBANK0  0020
__Umul8_16@word_mpld     cstackBANK0  0022
__Umul8_16@multiplier    cstackBANK0  0024
___xxtofl@sign           cstackBANK0  0024
___xxtofl@exp            cstackBANK0  0025
___xxtofl@arg            cstackBANK0  0026
?___flmul                cstackBANK0  002A
___flmul@b               cstackBANK0  002A
___flmul@a               cstackBANK0  002E
___flmul@sign            cstackBANK0  0037
___flmul@grs             cstackBANK0  0038
___flmul@aexp            cstackBANK0  003C
___flmul@bexp            cstackBANK0  003D
___flmul@prod            cstackBANK0  003E
_RD0                     (abs)        0040
_RD1                     (abs)        0041
___flmul@temp            cstackBANK0  0042
?___fltol                cstackBANK0  0044
___fltol@f1              cstackBANK0  0044
__end_of__initialization cinit        0025
?_read_blue              cstackBANK0  004C
?_read_green             cstackBANK0  004C
?_read_red               cstackBANK0  004C
__Hcinit                 cinit        0029
___flmul                 text7        0029
__ptext7                 text7        0029
__pnvBANK0               nvBANK0      0057
_green_freq              nvBANK0      0057
_blue_freq               nvBANK0      005B
_red_freq                nvBANK0      005F
__pbssBANK0              bssBANK0     0063
_estado                  bssBANK0     006E
__pcstackCOMMON          cstackCOMMON 0070
?__Umul8_16              cstackCOMMON 0073
?___xxtofl               cstackCOMMON 0073
__Umul8_16@multiplicand  cstackCOMMON 0073
___xxtofl@val            cstackCOMMON 0073
___fltol@sign1           cstackCOMMON 0077
___fltol@exp1            cstackCOMMON 0078
__pbssCOMMON             bssCOMMON    007A
_z                       bssCOMMON    007A
_TRISA                   (abs)        0085
_TRISD                   (abs)        0088
_OSCCONbits              (abs)        008F
_SSPSTATbits             (abs)        0094
__pbssBANK1              bssBANK1     00A0
__Hspace_1               (abs)        00A4
__S1                     (abs)        00A4
_ANSEL                   (abs)        0188
_ANSELH                  (abs)        0189
_BF                      (abs)        04A0
__end_of___flmul         text7        036E
__pmaintext              maintext     036E
_main                    maintext     036E
___xxtofl                text5        051F
__end_of_main            maintext     051F
__ptext5                 text5        051F
___fltol                 text6        05D9
__end_of___xxtofl        text5        05D9
__ptext6                 text6        05D9
__end_of___fltol         text6        0651
__ptext2                 text2        0651
_read_red                text2        0651
__end_of_read_red        text2        06B3
__ptext3                 text3        06B3
_read_green              text3        06B3
__end_of_read_green      text3        0715
__ptext4                 text4        0715
_read_blue               text4        0715
__end_of_read_blue       text4        0777
__ptext10                text10       0777
_isr                     text10       0777
__Umul8_16               text8        07D4
__end_of_isr             text10       07D4
__ptext8                 text8        07D4
__end_of__Umul8_16       text8        07FD
__Hspace_0               (abs)        1000
__S0                     (abs)        1000
__ptext9                 text9        0FDE
_config_TCS230           text9        0FDE
__end_of_config_TCS230   text9        0FE8
__ptext1                 text1        0FE8
_setup                   text1        0FE8
__end_of_setup           text1        1000
__Hidloc                 idloc        2004
__Hspace_4               (abs)        4010
__Hconfig                config       2009
btemp                    (abs)        007E
intlevel0                functab      0000
intlevel1                functab      0000
intlevel2                functab      0000
intlevel3                functab      0000
intlevel4                functab      0000
intlevel5                functab      0000
interrupt_function       intentry     0004
reset_vec                reset_vec    0000
start                    init         000C
start_initialization     cinit        0010
end_of_initialization    cinit        0025
read_blue@temp_freq      cstackBANK0  0050
read_green@temp_freq     cstackBANK0  0050
read_red@temp_freq       cstackBANK0  0050
saved_w                  (abs)        007E
wtemp0                   (abs)        007E
