Microchip MPLAB XC8 Compiler V2.40

Linker command line:

-W-3 \
  --edf=C:\Program Files\Microchip\xc8\v2.40\pic\dat\20220703182018_en.msgs \
  -cn -h+dist/default/production\TSC230.X.production.sym \
  --cmf=dist/default/production\TSC230.X.production.cmf -z -Q16F887 \
  -oC:\Users\aldoa\AppData\Local\Temp\xcAsf5c.4 --defsym=__MPLAB_BUILD=1 \
  --fixupoverflow=error -Mdist/default/production/TSC230.X.production.map \
  --md=C:\Users\aldoa\AppData\Local\Temp\xcAsf5c.dat -E1 -ver=XC8 Compiler \
  --acfsm=1493 -ACODE=00h-07FFhx4 -ASTRCODE=00h-01FFFh -ASTRING=00h-0FFhx32 \
  -ACONST=00h-0FFhx32 -AENTRY=00h-0FFhx32 -ACOMMON=070h-07Fh \
  -ABANK0=020h-06Fh -ABANK1=0A0h-0EFh -ABANK2=0110h-016Fh \
  -ABANK3=0190h-01EFh -ARAM=020h-06Fh,0A0h-0EFh,0110h-016Fh,0190h-01EFh \
  -AABS1=020h-07Fh,0A0h-0EFh,0110h-016Fh,0190h-01EFh -ASFR0=00h-01Fh \
  -ASFR1=080h-09Fh -ASFR2=0100h-010Fh -ASFR3=0180h-018Fh \
  -ACONFIG=02007h-02008h -DCONFIG=2 -AIDLOC=02000h-02003h -DIDLOC=2 \
  -AEEDATA=00h-0FFh/02100h -peeprom_data=EEDATA -DEEDATA=2 -DCODE=2 \
  -DSTRCODE=2 -DSTRING=2 -DCONST=2 -DENTRY=2 \
  -preset_vec=00h,intentry,init,end_init -ppowerup=CODE -pcinit=CODE \
  -pfunctab=ENTRY -k C:\Users\aldoa\AppData\Local\Temp\xcAsf5c.o \
  dist/default/production\TSC230.X.production.o 

Object code version is 3.11

Machine type is 16F887



                Name                               Link     Load   Length Selector   Space Scale
C:\Users\aldoa\AppData\Local\Temp\xcAsf5c.o
                end_init                              0        0        3        0       0
                config                             2007     2007        2        0       4
                idloc                              2000     2000        4        0       5
dist/default/production\TSC230.X.production.o
                cinit                               7F3      7F3        D      FE6       0
                config                             2007     2007        2        0       4
                idloc                              2000     2000        4        0       5
                text19                              D81      D81       22     1B02       0
                text18                                4        4       1A        8       0
                text17                              D62      D62        D     1AC4       0
                text16                              EDD      EDD       5D     1DBA       0
                text15                              E41      E41       46     1C82       0
                text14                              DCA      DCA       35     1B94       0
                text13                              DFF      DFF       42     1BFE       0
                text12                              D58      D58        A     1AB0       0
                text11                              DA3      DA3       27     1B46       0
                text10                              4AE      4AE      345      95C       0
                text9                                E7       E7       78      1CE       0
                text8                               15F      15F       B8      2BE       0
                text7                               F3A      F3A       63     1E74       0
                text6                               F9D      F9D       63     1F3A       0
                text5                                1E       1E       63       3C       0
                text4                               D6F      D6F       12     1ADE       0
                text3                                81       81       66      102       0
                text2                               E87      E87       56     1D0E       0
                text1                               217      217      129      42E       0
                maintext                            340      340      16E      680       0
                cstackBANK0                          20       20       30       20       1
                cstackCOMMON                         70       70        E       70       1
                clrtext                             D50      D50        8     1AA0       0
                bssBANK0                             50       50       1D       20       1
                strings                             800      800       4D     1000       0

TOTAL           Name                               Link     Load   Length     Space
        CLASS   CODE           
                end_init                              0        0        3         0
                cinit                               7F3      7F3        D         0
                text19                              D81      D81       22         0
                text18                                4        4       1A         0
                text17                              D62      D62        D         0
                text16                              EDD      EDD       5D         0
                text15                              E41      E41       46         0
                text14                              DCA      DCA       35         0
                text13                              DFF      DFF       42         0
                text12                              D58      D58        A         0
                text11                              DA3      DA3       27         0
                text10                              4AE      4AE      345         0
                text9                                E7       E7       78         0
                text8                               15F      15F       B8         0
                text7                               F3A      F3A       63         0
                text6                               F9D      F9D       63         0
                text5                                1E       1E       63         0
                text4                               D6F      D6F       12         0
                text3                                81       81       66         0
                text2                               E87      E87       56         0
                text1                               217      217      129         0
                maintext                            340      340      16E         0
                clrtext                             D50      D50        8         0

        CLASS   STRCODE        

        CLASS   STRING         
                strings                             800      800       4D         0

        CLASS   CONST          

        CLASS   ENTRY          

        CLASS   COMMON         
                cstackCOMMON                         70       70        E         1

        CLASS   BANK0          
                cstackBANK0                          20       20       30         1
                bssBANK0                             50       50       1D         1

        CLASS   BANK1          

        CLASS   BANK2          

        CLASS   BANK3          

        CLASS   RAM            

        CLASS   ABS1           
                abs_s1                               7E       7E        2         1

        CLASS   SFR0           

        CLASS   SFR1           

        CLASS   SFR2           

        CLASS   SFR3           

        CLASS   CONFIG         
                config                             2007     2007        2         4

        CLASS   IDLOC          
                idloc                              2000     2000        4         5

        CLASS   EEDATA         

        CLASS   STACK          



SEGMENTS        Name                           Load    Length   Top    Selector   Space  Class     Delta

                reset_vec                      000000  000003  000003         0       0  CODE        2
                text18                         000004  00001A  00001E         8       0  CODE        2
                cstackBANK0                    000020  00004D  00006D        20       1  BANK0       1
                text5                          00001E  000063  000081        3C       0  CODE        2
                cstackCOMMON                   000070  00000E  00007E        70       1  COMMON      1
                text3                          000081  000066  0000E7       102       0  CODE        2
                text9                          0000E7  000078  00015F       1CE       0  CODE        2
                text8                          00015F  0000B8  000217       2BE       0  CODE        2
                text1                          000217  000129  000340       42E       0  CODE        2
                maintext                       000340  00016E  0004AE       680       0  CODE        2
                text10                         0004AE  000345  0007F3       95C       0  CODE        2
                cinit                          0007F3  00000D  000800       FE6       0  CODE        2
                strings                        000800  00004D  00084D      1000       0  STRING      2
                clrtext                        000D50  000008  000D58      1AA0       0  CODE        2
                text12                         000D58  00000A  000D62      1AB0       0  CODE        2
                text17                         000D62  00000D  000D6F      1AC4       0  CODE        2
                text4                          000D6F  000012  000D81      1ADE       0  CODE        2
                text19                         000D81  000022  000DA3      1B02       0  CODE        2
                text11                         000DA3  000027  000DCA      1B46       0  CODE        2
                text14                         000DCA  000035  000DFF      1B94       0  CODE        2
                text13                         000DFF  000042  000E41      1BFE       0  CODE        2
                text15                         000E41  000046  000E87      1C82       0  CODE        2
                text2                          000E87  000056  000EDD      1D0E       0  CODE        2
                text16                         000EDD  00005D  000F3A      1DBA       0  CODE        2
                text7                          000F3A  000063  000F9D      1E74       0  CODE        2
                text6                          000F9D  000063  001000      1F3A       0  CODE        2


UNUSED ADDRESS RANGES

        Name                Unused          Largest block    Delta
        BANK0            006D-006F              3           1
        BANK1            00A0-00EF             50           1
        BANK2            0110-016F             60           1
        BANK3            0190-01EF             60           1
        CODE             0003-0003              1           2
                         084D-0D4F            503
                         1000-1FFF            800
        CONST            0003-0003              1           2
                         084D-0D4F            100
                         1000-1FFF            100
        EEDATA           2100-21FF            100           2
        ENTRY            0003-0003              1           2
                         084D-0D4F            100
                         1000-1FFF            100
        RAM              006D-006F              3           1
                         00A0-00EF             50
                         0110-016F             60
                         0190-01EF             60
        SFR0             0000-001F             20           1
        SFR1             0080-009F             20           1
        SFR2             0100-010F             10           1
        SFR3             0180-018F             10           1
        STRCODE          0003-0003              1           2
                         084D-0D4F            503
                         1000-1FFF           1000
        STRING           0003-0003              1           2
                         084D-0D4F            100
                         1000-1FFF            100

                                  Symbol Table

?__Umul8_16               cstackCOMMON 0070
?___flmul                 cstackBANK0  0020
?___fltol                 cstackBANK0  003A
?___lldiv                 cstackCOMMON 0070
?___llmod                 cstackBANK0  0020
?___xxtofl                cstackCOMMON 0070
?_read_blue               cstackBANK0  0044
?_read_green              cstackBANK0  0044
?_read_red                cstackBANK0  0044
?_sprintf                 cstackBANK0  002A
Lcd_Cmd@a                 cstackCOMMON 0073
Lcd_Port@a                cstackCOMMON 0070
Lcd_Set_Cursor@a          cstackCOMMON 0076
Lcd_Set_Cursor@b          cstackCOMMON 0074
Lcd_Set_Cursor@temp       cstackCOMMON 0079
Lcd_Set_Cursor@y          cstackCOMMON 0078
Lcd_Set_Cursor@z          cstackCOMMON 0077
Lcd_Write_Char@a          cstackCOMMON 0074
Lcd_Write_Char@temp       cstackCOMMON 0072
Lcd_Write_Char@y          cstackCOMMON 0073
Lcd_Write_String@a        cstackCOMMON 0075
Lcd_Write_String@i        cstackCOMMON 007A
_ANSEL                    (abs)        0188
_ANSELH                   (abs)        0189
_Lcd_Clear                text17       0D62
_Lcd_Cmd                  text18       0004
_Lcd_Init                 text16       0EDD
_Lcd_Port                 text19       0D81
_Lcd_Set_Cursor           text15       0E41
_Lcd_Write_Char           text14       0DCA
_Lcd_Write_String         text13       0DFF
_OSCCONbits               (abs)        008F
_PORTAbits                (abs)        0005
_PORTD                    (abs)        0008
_PORTDbits                (abs)        0008
_RD0                      (abs)        0040
_RD1                      (abs)        0041
_RD3                      (abs)        0043
_RD4                      (abs)        0044
_RD5                      (abs)        0045
_RD6                      (abs)        0046
_RD7                      (abs)        0047
_T1CONbits                (abs)        0010
_TMR1                     (abs)        000E
_TRISA                    (abs)        0085
_TRISD                    (abs)        0088
__Habs1                   abs1         0000
__Hbank0                  bank0        0000
__Hbank1                  bank1        0000
__Hbank2                  bank2        0000
__Hbank3                  bank3        0000
__HbssBANK0               bssBANK0     0000
__Hcinit                  cinit        0800
__Hclrtext                clrtext      0000
__Hcode                   code         0000
__Hcommon                 common       0000
__Hconfig                 config       2009
__HcstackBANK0            cstackBANK0  0000
__HcstackCOMMON           cstackCOMMON 0000
__Heeprom_data            eeprom_data  0000
__Hend_init               end_init     0003
__Hfunctab                functab      0000
__Hidloc                  idloc        2004
__Hinit                   init         0000
__Hintentry               intentry     0000
__Hmaintext               maintext     0000
__Hpowerup                powerup      0000
__Hram                    ram          0000
__Hreset_vec              reset_vec    0000
__Hsfr0                   sfr0         0000
__Hsfr1                   sfr1         0000
__Hsfr2                   sfr2         0000
__Hsfr3                   sfr3         0000
__Hspace_0                (abs)        1000
__Hspace_1                (abs)        007E
__Hspace_2                (abs)        0000
__Hspace_3                (abs)        0000
__Hspace_4                (abs)        4010
__Hstack                  stack        0000
__Hstrings                strings      0000
__Htext                   text         0000
__Labs1                   abs1         0000
__Lbank0                  bank0        0000
__Lbank1                  bank1        0000
__Lbank2                  bank2        0000
__Lbank3                  bank3        0000
__LbssBANK0               bssBANK0     0000
__Lcinit                  cinit        07F3
__Lclrtext                clrtext      0000
__Lcode                   code         0000
__Lcommon                 common       0000
__Lconfig                 config       0000
__LcstackBANK0            cstackBANK0  0000
__LcstackCOMMON           cstackCOMMON 0000
__Leeprom_data            eeprom_data  0000
__Lend_init               end_init     0000
__Lfunctab                functab      0000
__Lidloc                  idloc        0000
__Linit                   init         0000
__Lintentry               intentry     0000
__Lmaintext               maintext     0000
__Lpowerup                powerup      0000
__Lram                    ram          0000
__Lreset_vec              reset_vec    0000
__Lsfr0                   sfr0         0000
__Lsfr1                   sfr1         0000
__Lsfr2                   sfr2         0000
__Lsfr3                   sfr3         0000
__Lspace_0                (abs)        0000
__Lspace_1                (abs)        0000
__Lspace_2                (abs)        0000
__Lspace_3                (abs)        0000
__Lspace_4                (abs)        0000
__Lstack                  stack        0000
__Lstrings                strings      0000
__Ltext                   text         0000
__S0                      (abs)        1000
__S1                      (abs)        007E
__S3                      (abs)        0000
__Umul8_16                text11       0DA3
__Umul8_16@multiplicand   cstackCOMMON 0070
__Umul8_16@multiplier     cstackCOMMON 0078
__Umul8_16@product        cstackCOMMON 0074
__Umul8_16@word_mpld      cstackCOMMON 0076
___flmul                  text10       04AE
___flmul@a                cstackBANK0  0024
___flmul@aexp             cstackBANK0  0032
___flmul@b                cstackBANK0  0020
___flmul@bexp             cstackBANK0  0033
___flmul@grs              cstackBANK0  002E
___flmul@prod             cstackBANK0  0034
___flmul@sign             cstackBANK0  002D
___flmul@temp             cstackBANK0  0038
___fltol                  text9        00E7
___fltol@exp1             cstackBANK0  0043
___fltol@f1               cstackBANK0  003A
___fltol@sign1            cstackBANK0  0042
___int_sp                 stack        0000
___latbits                (abs)        0002
___lldiv                  text3        0081
___lldiv@counter          cstackCOMMON 007D
___lldiv@dividend         cstackCOMMON 0074
___lldiv@divisor          cstackCOMMON 0070
___lldiv@quotient         cstackCOMMON 0079
___llmod                  text2        0E87
___llmod@counter          cstackBANK0  0029
___llmod@dividend         cstackBANK0  0024
___llmod@divisor          cstackBANK0  0020
___sp                     stack        0000
___stackhi                (abs)        0000
___stacklo                (abs)        0000
___xxtofl                 text8        015F
___xxtofl@arg             cstackCOMMON 007A
___xxtofl@exp             cstackCOMMON 0079
___xxtofl@sign            cstackCOMMON 0078
___xxtofl@val             cstackCOMMON 0070
__end_of_Lcd_Clear        text17       0D6F
__end_of_Lcd_Cmd          text18       001E
__end_of_Lcd_Init         text16       0F3A
__end_of_Lcd_Port         text19       0DA3
__end_of_Lcd_Set_Cursor   text15       0E87
__end_of_Lcd_Write_Char   text14       0DFF
__end_of_Lcd_Write_String text13       0E41
__end_of__Umul8_16        text11       0DCA
__end_of___flmul          text10       07F3
__end_of___fltol          text9        015F
__end_of___lldiv          text3        00E7
__end_of___llmod          text2        0EDD
__end_of___xxtofl         text8        0217
__end_of__initialization  cinit        07FC
__end_of__stringtab       strings      0810
__end_of_config_TCS230    text12       0D62
__end_of_dpowers          strings      0838
__end_of_main             maintext     04AE
__end_of_read_blue        text7        0F9D
__end_of_read_green       text6        1000
__end_of_read_red         text5        0081
__end_of_setup            text4        0D81
__end_of_sprintf          text1        0340
__initialization          cinit        07F3
__pbssBANK0               bssBANK0     0050
__pcstackBANK0            cstackBANK0  0020
__pcstackCOMMON           cstackCOMMON 0070
__pmaintext               maintext     0340
__pstrings                strings      0800
__ptext1                  text1        0217
__ptext10                 text10       04AE
__ptext11                 text11       0DA3
__ptext12                 text12       0D58
__ptext13                 text13       0DFF
__ptext14                 text14       0DCA
__ptext15                 text15       0E41
__ptext16                 text16       0EDD
__ptext17                 text17       0D62
__ptext18                 text18       0004
__ptext19                 text19       0D81
__ptext2                  text2        0E87
__ptext3                  text3        0081
__ptext4                  text4        0D6F
__ptext5                  text5        001E
__ptext6                  text6        0F9D
__ptext7                  text7        0F3A
__ptext8                  text8        015F
__ptext9                  text9        00E7
__stringbase              strings      080F
__stringtab               strings      0800
_azul                     bssBANK0     0065
_blue_freq                bssBANK0     0054
_config_TCS230            text12       0D58
_dpowers                  strings      0810
_estado                   bssBANK0     005F
_green_freq               bssBANK0     0050
_main                     maintext     0340
_read_blue                text7        0F3A
_read_green               text6        0F9D
_read_red                 text5        001E
_red_freq                 bssBANK0     0058
_rojo                     bssBANK0     0069
_setup                    text4        0D6F
_sprintf                  text1        0217
_verde                    bssBANK0     0061
btemp                     (abs)        007E
clear_ram0                clrtext      0D50
end_of_initialization     cinit        07FC
intlevel0                 functab      0000
intlevel1                 functab      0000
intlevel2                 functab      0000
intlevel3                 functab      0000
intlevel4                 functab      0000
intlevel5                 functab      0000
read_blue@temp_freq       cstackBANK0  0049
read_green@temp_freq      cstackBANK0  0049
read_red@temp_freq        cstackBANK0  0049
reset_vec                 reset_vec    0000
sprintf@ap                cstackBANK0  003B
sprintf@c                 cstackBANK0  003D
sprintf@f                 cstackBANK0  002A
sprintf@flag              cstackBANK0  0034
sprintf@prec              cstackBANK0  0035
sprintf@sp                cstackBANK0  003C
sprintf@val               cstackBANK0  0037
start                     init         0000
start_initialization      cinit        07F3
wtemp0                    (abs)        007E


MODULE INFORMATION

Module		Function		Class		Link	Load	Size
C:\Program Files\Microchip\xc8\v2.40\pic\sources\c90\common\fltol.c
		___fltol       		CODE           	00E7	0000	120

C:\Program Files\Microchip\xc8\v2.40\pic\sources\c90\common\fltol.c estimated size: 120

TCS230.c
		_read_red      		CODE           	001E	0000	99
		_read_green    		CODE           	0F9D	0000	99
		_read_blue     		CODE           	0F3A	0000	99
		_config_TCS230 		CODE           	0D58	0000	10

TCS230.c estimated size: 307

C:\Program Files\Microchip\xc8\v2.40\pic\sources\c90\common\sprcmul.c
		___flmul       		CODE           	04AE	0000	837

C:\Program Files\Microchip\xc8\v2.40\pic\sources\c90\common\sprcmul.c estimated size: 837

C:\Program Files\Microchip\xc8\v2.40\pic\sources\c90\common\__lldiv.c
		___lldiv       		CODE           	0081	0000	102

C:\Program Files\Microchip\xc8\v2.40\pic\sources\c90\common\__lldiv.c estimated size: 102

C:\Program Files\Microchip\xc8\v2.40\pic\sources\c90\common\Umul8_16.c
		__Umul8_16     		CODE           	0DA3	0000	39

C:\Program Files\Microchip\xc8\v2.40\pic\sources\c90\common\Umul8_16.c estimated size: 39

C:\Program Files\Microchip\xc8\v2.40\pic\sources\c90\common\doprnt.c
		_sprintf       		CODE           	0217	0000	297

C:\Program Files\Microchip\xc8\v2.40\pic\sources\c90\common\doprnt.c estimated size: 297

shared
		__stringtab    		STRING         	0800	0000	16
		_dpowers       		STRING         	0810	0000	40
		__initialization		CODE           	07F3	0000	9

shared estimated size: 65

C:\Program Files\Microchip\xc8\v2.40\pic\sources\c90\common\llmod.c
		___llmod       		CODE           	0E87	0000	86

C:\Program Files\Microchip\xc8\v2.40\pic\sources\c90\common\llmod.c estimated size: 86

main.c
		_main          		CODE           	0340	0000	366
		_setup         		CODE           	0D6F	0000	18

main.c estimated size: 384

C:\Program Files\Microchip\xc8\v2.40\pic\sources\c90\common\xxtofl.c
		___xxtofl      		CODE           	015F	0000	184

C:\Program Files\Microchip\xc8\v2.40\pic\sources\c90\common\xxtofl.c estimated size: 184

LCD.c
		_Lcd_Write_String		CODE           	0DFF	0000	66
		_Lcd_Init      		CODE           	0EDD	0000	93
		_Lcd_Write_Char		CODE           	0DCA	0000	53
		_Lcd_Cmd       		CODE           	0004	0000	26
		_Lcd_Set_Cursor		CODE           	0E41	0000	70
		_Lcd_Clear     		CODE           	0D62	0000	13
		_Lcd_Port      		CODE           	0D81	0000	34

LCD.c estimated size: 355

